// Jest Snapshot v1, https://goo.gl/fbAQLP

exports[`Test for Layout container component Should renders the same component 1`] = `
<div>
  <div
    class="Layout"
    data-testid="Layout"
  >
    <header
      class="Header"
    >
      <button
        class="Button Header__logo noStyles"
        type="button"
      >
        <p
          class="Header__title"
        >
          HACKER NEWS
        </p>
      </button>
    </header>
    <main />
  </div>
</div>
`;
