// Jest Snapshot v1, https://goo.gl/fbAQLP

exports[`Test for Home page component Should renders the same component 1`] = `
<div>
  <section
    class="Home"
    data-testid="Home"
  >
    <div
      class="Home__tab-container"
    >
      <button
        class="Button Home__tab"
        type="button"
      >
        All
      </button>
      <button
        class="Button Home__tab"
        type="button"
      >
        My faves
      </button>
    </div>
    <select
      class="Select Home__filter"
    >
      <option
        value="angular"
      >
        Angular
      </option>
      <option
        value="reactjs"
      >
        Reactjs
      </option>
      <option
        value="vuejs"
      >
        Vuejs
      </option>
    </select>
    <section
      class="StoryList"
    >
      <div
        class="StoryCard"
      >
        <button
          class="Button StoryCard__content"
          type="button"
        >
          <div
            class="StoryCard__data"
          >
            <figure
              class="StoryCard__time-image"
            >
              <svgrurl />
            </figure>
            <p>
              about 20 years by didericis
            </p>
          </div>
          <p
            class="StoryCard__title"
          >
            Threats of Blackouts Drive Japan to Embrace Nuclear Again
          </p>
        </button>
        <button
          class="Button StoryCard__favorite noStyles"
          type="button"
        >
          <figure
            data-testid="favorite-button"
          >
            <svgrurl />
          </figure>
        </button>
      </div>
    </section>
  </section>
</div>
`;
